Copyright 1986-2022 Xilinx, Inc. All Rights Reserved.
----------------------------------------------------------------------------------------------------------------------------------
| Tool Version : Vivado v.2022.2 (lin64) Build 3671981 Fri Oct 14 04:59:54 MDT 2022
| Date         : Tue Mar 28 11:49:47 2023
| Host         : yavin running 64-bit Ubuntu 20.04.5 LTS
| Command      : report_utilization -hierarchical -hierarchical_depth 5 -file ./report/mul_top_utilization_hierarchical_synth.rpt
| Design       : bd_0_wrapper
| Device       : xc7z020clg400-1
| Speed File   : -1
| Design State : Synthesized
----------------------------------------------------------------------------------------------------------------------------------

Utilization Design Information

Table of Contents
-----------------
1. Utilization by Hierarchy

1. Utilization by Hierarchy
---------------------------

+-------------------------------+--------------------------------------------+------------+------------+---------+------+-----+--------+--------+------------+
|            Instance           |                   Module                   | Total LUTs | Logic LUTs | LUTRAMs | SRLs | FFs | RAMB36 | RAMB18 | DSP Blocks |
+-------------------------------+--------------------------------------------+------------+------------+---------+------+-----+--------+--------+------------+
| bd_0_wrapper                  |                                      (top) |        207 |        207 |       0 |    0 |   0 |      0 |      0 |          2 |
|   bd_0_i                      |                                       bd_0 |        207 |        207 |       0 |    0 |   0 |      0 |      0 |          2 |
|     hls_inst                  |                            bd_0_hls_inst_0 |        207 |        207 |       0 |    0 |   0 |      0 |      0 |          2 |
|       (hls_inst)              |                            bd_0_hls_inst_0 |          0 |          0 |       0 |    0 |   0 |      0 |      0 |          0 |
|       inst                    |                    bd_0_hls_inst_0_mul_top |        207 |        207 |       0 |    0 |   0 |      0 |      0 |          2 |
|         (inst)                |                    bd_0_hls_inst_0_mul_top |          8 |          8 |       0 |    0 |   0 |      0 |      0 |          0 |
|         mul_25s_25s_50_1_1_U1 | bd_0_hls_inst_0_mul_top_mul_25s_25s_50_1_1 |        199 |        199 |       0 |    0 |   0 |      0 |      0 |          2 |
+-------------------------------+--------------------------------------------+------------+------------+---------+------+-----+--------+--------+------------+


