

================================================================
== Vitis HLS Report for 'operator_mul_281_127_true_0_0'
================================================================
* Date:           Tue Mar 28 15:10:34 2023

* Version:        2022.2 (Build 3670227 on Oct 13 2022)
* Project:        mul_fixed_xilinx
* Solution:       mul_fixed_xilinx_solution (Vivado IP Flow Target)
* Product family: zynq
* Target device:  xc7z020-clg400-1


================================================================
== Performance Estimates
================================================================
+ Timing: 
    * Summary: 
    +--------+----------+-----------+------------+
    |  Clock |  Target  | Estimated | Uncertainty|
    +--------+----------+-----------+------------+
    |ap_clk  |  50.00 ns|  35.716 ns|    13.50 ns|
    +--------+----------+-----------+------------+

+ Latency: 
    * Summary: 
    +---------+---------+----------+----------+-----+-----+---------+
    |  Latency (cycles) |  Latency (absolute) |  Interval | Pipeline|
    |   min   |   max   |    min   |    max   | min | max |   Type  |
    +---------+---------+----------+----------+-----+-----+---------+
    |       30|       30|  1.500 us|  1.500 us|   30|   30|       no|
    +---------+---------+----------+----------+-----+-----+---------+

    + Detail: 
        * Instance: 
        +-------------------------------------------------+--------------------------------------+---------+---------+----------+----------+-----+-----+---------+
        |                                                 |                                      |  Latency (cycles) |  Latency (absolute) |  Interval | Pipeline|
        |                     Instance                    |                Module                |   min   |   max   |    min   |    max   | min | max |   Type  |
        +-------------------------------------------------+--------------------------------------+---------+---------+----------+----------+-----+-----+---------+
        |grp_operator_281_127_true_0_0_Pipeline_1_fu_300  |operator_281_127_true_0_0_Pipeline_1  |       19|       19|  0.950 us|  0.950 us|   19|   19|       no|
        +-------------------------------------------------+--------------------------------------+---------+---------+----------+----------+-----+-----+---------+

        * Loop: 
        N/A



================================================================
== Utilization Estimates
================================================================
* Summary: 
+-----------------+---------+-----+--------+-------+-----+
|       Name      | BRAM_18K| DSP |   FF   |  LUT  | URAM|
+-----------------+---------+-----+--------+-------+-----+
|DSP              |        -|    -|       -|      -|    -|
|Expression       |        -|    -|       0|  12315|    -|
|FIFO             |        -|    -|       -|      -|    -|
|Instance         |        -|  225|       7|   1696|    -|
|Memory           |        -|    -|       -|      -|    -|
|Multiplexer      |        -|    -|       -|    329|    -|
|Register         |        -|    -|    3591|      -|    -|
+-----------------+---------+-----+--------+-------+-----+
|Total            |        0|  225|    3598|  14340|    0|
+-----------------+---------+-----+--------+-------+-----+
|Available        |      280|  220|  106400|  53200|    0|
+-----------------+---------+-----+--------+-------+-----+
|Utilization (%)  |        0|  102|       3|     26|    0|
+-----------------+---------+-----+--------+-------+-----+

+ Detail: 
    * Instance: 
    +-------------------------------------------------+--------------------------------------+---------+----+---+----+-----+
    |                     Instance                    |                Module                | BRAM_18K| DSP| FF| LUT| URAM|
    +-------------------------------------------------+--------------------------------------+---------+----+---+----+-----+
    |mul_25s_25s_50_1_1_U82                           |mul_25s_25s_50_1_1                    |        0|   1|  0|  47|    0|
    |mul_32ns_25s_57_1_1_U38                          |mul_32ns_25s_57_1_1                   |        0|   2|  0|  20|    0|
    |mul_32ns_25s_57_1_1_U46                          |mul_32ns_25s_57_1_1                   |        0|   2|  0|  20|    0|
    |mul_32ns_25s_57_1_1_U47                          |mul_32ns_25s_57_1_1                   |        0|   2|  0|  20|    0|
    |mul_32ns_25s_57_1_1_U54                          |mul_32ns_25s_57_1_1                   |        0|   2|  0|  20|    0|
    |mul_32ns_25s_57_1_1_U55                          |mul_32ns_25s_57_1_1                   |        0|   2|  0|  20|    0|
    |mul_32ns_25s_57_1_1_U61                          |mul_32ns_25s_57_1_1                   |        0|   2|  0|  20|    0|
    |mul_32ns_25s_57_1_1_U62                          |mul_32ns_25s_57_1_1                   |        0|   2|  0|  20|    0|
    |mul_32ns_25s_57_1_1_U67                          |mul_32ns_25s_57_1_1                   |        0|   2|  0|  20|    0|
    |mul_32ns_25s_57_1_1_U68                          |mul_32ns_25s_57_1_1                   |        0|   2|  0|  20|    0|
    |mul_32ns_25s_57_1_1_U72                          |mul_32ns_25s_57_1_1                   |        0|   2|  0|  20|    0|
    |mul_32ns_25s_57_1_1_U76                          |mul_32ns_25s_57_1_1                   |        0|   2|  0|  20|    0|
    |mul_32ns_25s_57_1_1_U77                          |mul_32ns_25s_57_1_1                   |        0|   2|  0|  20|    0|
    |mul_32ns_25s_57_1_1_U78                          |mul_32ns_25s_57_1_1                   |        0|   2|  0|  20|    0|
    |mul_32ns_25s_57_1_1_U79                          |mul_32ns_25s_57_1_1                   |        0|   2|  0|  20|    0|
    |mul_32ns_25s_57_1_1_U80                          |mul_32ns_25s_57_1_1                   |        0|   2|  0|  20|    0|
    |mul_32ns_25s_57_1_1_U81                          |mul_32ns_25s_57_1_1                   |        0|   2|  0|  20|    0|
    |mul_32ns_32ns_64_1_1_U2                          |mul_32ns_32ns_64_1_1                  |        0|   3|  0|  20|    0|
    |mul_32ns_32ns_64_1_1_U3                          |mul_32ns_32ns_64_1_1                  |        0|   3|  0|  20|    0|
    |mul_32ns_32ns_64_1_1_U4                          |mul_32ns_32ns_64_1_1                  |        0|   3|  0|  20|    0|
    |mul_32ns_32ns_64_1_1_U5                          |mul_32ns_32ns_64_1_1                  |        0|   3|  0|  20|    0|
    |mul_32ns_32ns_64_1_1_U6                          |mul_32ns_32ns_64_1_1                  |        0|   3|  0|  20|    0|
    |mul_32ns_32ns_64_1_1_U7                          |mul_32ns_32ns_64_1_1                  |        0|   3|  0|  20|    0|
    |mul_32ns_32ns_64_1_1_U8                          |mul_32ns_32ns_64_1_1                  |        0|   3|  0|  20|    0|
    |mul_32ns_32ns_64_1_1_U9                          |mul_32ns_32ns_64_1_1                  |        0|   3|  0|  20|    0|
    |mul_32ns_32ns_64_1_1_U10                         |mul_32ns_32ns_64_1_1                  |        0|   3|  0|  20|    0|
    |mul_32ns_32ns_64_1_1_U11                         |mul_32ns_32ns_64_1_1                  |        0|   3|  0|  20|    0|
    |mul_32ns_32ns_64_1_1_U12                         |mul_32ns_32ns_64_1_1                  |        0|   3|  0|  20|    0|
    |mul_32ns_32ns_64_1_1_U13                         |mul_32ns_32ns_64_1_1                  |        0|   3|  0|  20|    0|
    |mul_32ns_32ns_64_1_1_U14                         |mul_32ns_32ns_64_1_1                  |        0|   3|  0|  20|    0|
    |mul_32ns_32ns_64_1_1_U15                         |mul_32ns_32ns_64_1_1                  |        0|   3|  0|  20|    0|
    |mul_32ns_32ns_64_1_1_U16                         |mul_32ns_32ns_64_1_1                  |        0|   3|  0|  20|    0|
    |mul_32ns_32ns_64_1_1_U17                         |mul_32ns_32ns_64_1_1                  |        0|   3|  0|  20|    0|
    |mul_32ns_32ns_64_1_1_U18                         |mul_32ns_32ns_64_1_1                  |        0|   3|  0|  20|    0|
    |mul_32ns_32ns_64_1_1_U19                         |mul_32ns_32ns_64_1_1                  |        0|   3|  0|  20|    0|
    |mul_32ns_32ns_64_1_1_U20                         |mul_32ns_32ns_64_1_1                  |        0|   3|  0|  20|    0|
    |mul_32ns_32ns_64_1_1_U21                         |mul_32ns_32ns_64_1_1                  |        0|   3|  0|  20|    0|
    |mul_32ns_32ns_64_1_1_U22                         |mul_32ns_32ns_64_1_1                  |        0|   3|  0|  20|    0|
    |mul_32ns_32ns_64_1_1_U23                         |mul_32ns_32ns_64_1_1                  |        0|   3|  0|  20|    0|
    |mul_32ns_32ns_64_1_1_U24                         |mul_32ns_32ns_64_1_1                  |        0|   3|  0|  20|    0|
    |mul_32ns_32ns_64_1_1_U25                         |mul_32ns_32ns_64_1_1                  |        0|   3|  0|  20|    0|
    |mul_32ns_32ns_64_1_1_U26                         |mul_32ns_32ns_64_1_1                  |        0|   3|  0|  20|    0|
    |mul_32ns_32ns_64_1_1_U27                         |mul_32ns_32ns_64_1_1                  |        0|   3|  0|  20|    0|
    |mul_32ns_32ns_64_1_1_U28                         |mul_32ns_32ns_64_1_1                  |        0|   3|  0|  20|    0|
    |mul_32ns_32ns_64_1_1_U29                         |mul_32ns_32ns_64_1_1                  |        0|   3|  0|  20|    0|
    |mul_32ns_32ns_64_1_1_U30                         |mul_32ns_32ns_64_1_1                  |        0|   3|  0|  20|    0|
    |mul_32ns_32ns_64_1_1_U31                         |mul_32ns_32ns_64_1_1                  |        0|   3|  0|  20|    0|
    |mul_32ns_32ns_64_1_1_U32                         |mul_32ns_32ns_64_1_1                  |        0|   3|  0|  20|    0|
    |mul_32ns_32ns_64_1_1_U33                         |mul_32ns_32ns_64_1_1                  |        0|   3|  0|  20|    0|
    |mul_32ns_32ns_64_1_1_U34                         |mul_32ns_32ns_64_1_1                  |        0|   3|  0|  20|    0|
    |mul_32ns_32ns_64_1_1_U35                         |mul_32ns_32ns_64_1_1                  |        0|   3|  0|  20|    0|
    |mul_32ns_32ns_64_1_1_U36                         |mul_32ns_32ns_64_1_1                  |        0|   3|  0|  20|    0|
    |mul_32ns_32ns_64_1_1_U37                         |mul_32ns_32ns_64_1_1                  |        0|   3|  0|  20|    0|
    |mul_32ns_32ns_64_1_1_U39                         |mul_32ns_32ns_64_1_1                  |        0|   3|  0|  20|    0|
    |mul_32ns_32ns_64_1_1_U40                         |mul_32ns_32ns_64_1_1                  |        0|   3|  0|  20|    0|
    |mul_32ns_32ns_64_1_1_U41                         |mul_32ns_32ns_64_1_1                  |        0|   3|  0|  20|    0|
    |mul_32ns_32ns_64_1_1_U42                         |mul_32ns_32ns_64_1_1                  |        0|   3|  0|  20|    0|
    |mul_32ns_32ns_64_1_1_U43                         |mul_32ns_32ns_64_1_1                  |        0|   3|  0|  20|    0|
    |mul_32ns_32ns_64_1_1_U44                         |mul_32ns_32ns_64_1_1                  |        0|   3|  0|  20|    0|
    |mul_32ns_32ns_64_1_1_U45                         |mul_32ns_32ns_64_1_1                  |        0|   3|  0|  20|    0|
    |mul_32ns_32ns_64_1_1_U48                         |mul_32ns_32ns_64_1_1                  |        0|   3|  0|  20|    0|
    |mul_32ns_32ns_64_1_1_U49                         |mul_32ns_32ns_64_1_1                  |        0|   3|  0|  20|    0|
    |mul_32ns_32ns_64_1_1_U50                         |mul_32ns_32ns_64_1_1                  |        0|   3|  0|  20|    0|
    |mul_32ns_32ns_64_1_1_U51                         |mul_32ns_32ns_64_1_1                  |        0|   3|  0|  20|    0|
    |mul_32ns_32ns_64_1_1_U52                         |mul_32ns_32ns_64_1_1                  |        0|   3|  0|  20|    0|
    |mul_32ns_32ns_64_1_1_U53                         |mul_32ns_32ns_64_1_1                  |        0|   3|  0|  20|    0|
    |mul_32ns_32ns_64_1_1_U56                         |mul_32ns_32ns_64_1_1                  |        0|   3|  0|  20|    0|
    |mul_32ns_32ns_64_1_1_U57                         |mul_32ns_32ns_64_1_1                  |        0|   3|  0|  20|    0|
    |mul_32ns_32ns_64_1_1_U58                         |mul_32ns_32ns_64_1_1                  |        0|   3|  0|  20|    0|
    |mul_32ns_32ns_64_1_1_U59                         |mul_32ns_32ns_64_1_1                  |        0|   3|  0|  20|    0|
    |mul_32ns_32ns_64_1_1_U60                         |mul_32ns_32ns_64_1_1                  |        0|   3|  0|  20|    0|
    |mul_32ns_32ns_64_1_1_U63                         |mul_32ns_32ns_64_1_1                  |        0|   3|  0|  20|    0|
    |mul_32ns_32ns_64_1_1_U64                         |mul_32ns_32ns_64_1_1                  |        0|   3|  0|  20|    0|
    |mul_32ns_32ns_64_1_1_U65                         |mul_32ns_32ns_64_1_1                  |        0|   3|  0|  20|    0|
    |mul_32ns_32ns_64_1_1_U66                         |mul_32ns_32ns_64_1_1                  |        0|   3|  0|  20|    0|
    |mul_32ns_32ns_64_1_1_U69                         |mul_32ns_32ns_64_1_1                  |        0|   3|  0|  20|    0|
    |mul_32ns_32ns_64_1_1_U70                         |mul_32ns_32ns_64_1_1                  |        0|   3|  0|  20|    0|
    |mul_32ns_32ns_64_1_1_U71                         |mul_32ns_32ns_64_1_1                  |        0|   3|  0|  20|    0|
    |mul_32ns_32ns_64_1_1_U73                         |mul_32ns_32ns_64_1_1                  |        0|   3|  0|  20|    0|
    |mul_32ns_32ns_64_1_1_U74                         |mul_32ns_32ns_64_1_1                  |        0|   3|  0|  20|    0|
    |mul_32ns_32ns_64_1_1_U75                         |mul_32ns_32ns_64_1_1                  |        0|   3|  0|  20|    0|
    |grp_operator_281_127_true_0_0_Pipeline_1_fu_300  |operator_281_127_true_0_0_Pipeline_1  |        0|   0|  7|  49|    0|
    +-------------------------------------------------+--------------------------------------+---------+----+---+----+-----+
    |Total                                            |                                      |        0| 225|  7|1696|    0|
    +-------------------------------------------------+--------------------------------------+---------+----+---+----+-----+

    * DSP: 
    N/A

    * Memory: 
    N/A

    * FIFO: 
    N/A

    * Expression: 
    +---------------------------+----------+----+---+-----+------------+------------+
    |       Variable Name       | Operation| DSP| FF| LUT | Bitwidth P0| Bitwidth P1|
    +---------------------------+----------+----+---+-----+------------+------------+
    |add_ln1202_10_fu_1284_p2   |         +|   0|  0|   41|          34|          34|
    |add_ln1202_11_fu_1294_p2   |         +|   0|  0|   40|          33|          33|
    |add_ln1202_12_fu_1304_p2   |         +|   0|  0|   41|          34|          34|
    |add_ln1202_14_fu_1657_p2   |         +|   0|  0|   40|          33|          33|
    |add_ln1202_15_fu_1667_p2   |         +|   0|  0|   41|          34|          34|
    |add_ln1202_16_fu_1677_p2   |         +|   0|  0|   40|          33|          33|
    |add_ln1202_17_fu_1687_p2   |         +|   0|  0|   40|          33|          33|
    |add_ln1202_18_fu_1697_p2   |         +|   0|  0|   41|          34|          34|
    |add_ln1202_20_fu_2057_p2   |         +|   0|  0|   40|          33|          33|
    |add_ln1202_21_fu_2067_p2   |         +|   0|  0|   40|          33|          33|
    |add_ln1202_22_fu_2077_p2   |         +|   0|  0|   41|          34|          34|
    |add_ln1202_23_fu_2087_p2   |         +|   0|  0|   40|          33|          33|
    |add_ln1202_24_fu_2097_p2   |         +|   0|  0|   40|          33|          33|
    |add_ln1202_25_fu_2107_p2   |         +|   0|  0|   41|          34|          34|
    |add_ln1202_27_fu_2556_p2   |         +|   0|  0|   40|          33|          33|
    |add_ln1202_28_fu_2566_p2   |         +|   0|  0|   40|          33|          33|
    |add_ln1202_29_fu_2576_p2   |         +|   0|  0|   41|          34|          34|
    |add_ln1202_2_fu_634_p2     |         +|   0|  0|   40|          33|          33|
    |add_ln1202_30_fu_2586_p2   |         +|   0|  0|   40|          33|          33|
    |add_ln1202_31_fu_2596_p2   |         +|   0|  0|   40|          33|          33|
    |add_ln1202_32_fu_2606_p2   |         +|   0|  0|   41|          34|          34|
    |add_ln1202_33_fu_2616_p2   |         +|   0|  0|   42|          35|          35|
    |add_ln1202_3_fu_644_p2     |         +|   0|  0|   40|          33|          33|
    |add_ln1202_5_fu_988_p2     |         +|   0|  0|   40|          33|          33|
    |add_ln1202_6_fu_998_p2     |         +|   0|  0|   40|          33|          33|
    |add_ln1202_7_fu_1008_p2    |         +|   0|  0|   41|          34|          34|
    |add_ln1202_9_fu_1274_p2    |         +|   0|  0|   40|          33|          33|
    |add_ln1202_fu_436_p2       |         +|   0|  0|   40|          33|          33|
    |add_ln1207_10_fu_3609_p2   |         +|   0|  0|   40|          33|          33|
    |add_ln1207_11_fu_3619_p2   |         +|   0|  0|   41|          34|          34|
    |add_ln1207_12_fu_3698_p2   |         +|   0|  0|   40|          33|          33|
    |add_ln1207_13_fu_3708_p2   |         +|   0|  0|   40|          33|          33|
    |add_ln1207_14_fu_3718_p2   |         +|   0|  0|   41|          34|          34|
    |add_ln1207_15_fu_3728_p2   |         +|   0|  0|   42|          35|          35|
    |add_ln1207_17_fu_4100_p2   |         +|   0|  0|   40|          33|          33|
    |add_ln1207_18_fu_4110_p2   |         +|   0|  0|   40|          33|          33|
    |add_ln1207_19_fu_4120_p2   |         +|   0|  0|   41|          34|          34|
    |add_ln1207_1_fu_3113_p2    |         +|   0|  0|   40|          33|          33|
    |add_ln1207_20_fu_4130_p2   |         +|   0|  0|   40|          33|          33|
    |add_ln1207_21_fu_4140_p2   |         +|   0|  0|   40|          33|          33|
    |add_ln1207_22_fu_4150_p2   |         +|   0|  0|   41|          34|          34|
    |add_ln1207_24_fu_4556_p2   |         +|   0|  0|   40|          33|          33|
    |add_ln1207_25_fu_4566_p2   |         +|   0|  0|   41|          34|          34|
    |add_ln1207_26_fu_4576_p2   |         +|   0|  0|   40|          33|          33|
    |add_ln1207_27_fu_4586_p2   |         +|   0|  0|   40|          33|          33|
    |add_ln1207_28_fu_4596_p2   |         +|   0|  0|   41|          34|          34|
    |add_ln1207_2_fu_3123_p2    |         +|   0|  0|   41|          34|          34|
    |add_ln1207_30_fu_4913_p2   |         +|   0|  0|   40|          33|          33|
    |add_ln1207_31_fu_4923_p2   |         +|   0|  0|   41|          34|          34|
    |add_ln1207_32_fu_4933_p2   |         +|   0|  0|   40|          33|          33|
    |add_ln1207_33_fu_4943_p2   |         +|   0|  0|   41|          34|          34|
    |add_ln1207_35_fu_5284_p2   |         +|   0|  0|   40|          33|          33|
    |add_ln1207_36_fu_5294_p2   |         +|   0|  0|   40|          33|          33|
    |add_ln1207_37_fu_5304_p2   |         +|   0|  0|   41|          34|          34|
    |add_ln1207_39_fu_5502_p2   |         +|   0|  0|   40|          33|          33|
    |add_ln1207_3_fu_3133_p2    |         +|   0|  0|   42|          35|          35|
    |add_ln1207_40_fu_5512_p2   |         +|   0|  0|   40|          33|          33|
    |add_ln1207_42_fu_5723_p2   |         +|   0|  0|   40|          33|          33|
    |add_ln1207_4_fu_3143_p2    |         +|   0|  0|   40|          33|          33|
    |add_ln1207_5_fu_3153_p2    |         +|   0|  0|   40|          33|          33|
    |add_ln1207_6_fu_3163_p2    |         +|   0|  0|   41|          34|          34|
    |add_ln1207_7_fu_3173_p2    |         +|   0|  0|   42|          35|          35|
    |add_ln1207_9_fu_3599_p2    |         +|   0|  0|   40|          33|          33|
    |add_ln1207_fu_3103_p2      |         +|   0|  0|   40|          33|          33|
    |add_ln1236_100_fu_2742_p2  |         +|   0|  0|   39|          32|          32|
    |add_ln1236_101_fu_2748_p2  |         +|   0|  0|   39|          32|          32|
    |add_ln1236_102_fu_2754_p2  |         +|   0|  0|   32|          32|          32|
    |add_ln1236_103_fu_2760_p2  |         +|   0|  0|   32|          32|          32|
    |add_ln1236_104_fu_2766_p2  |         +|   0|  0|   32|          32|          32|
    |add_ln1236_105_fu_2772_p2  |         +|   0|  0|   32|          32|          32|
    |add_ln1236_106_fu_2778_p2  |         +|   0|  0|   32|          32|          32|
    |add_ln1236_107_fu_2784_p2  |         +|   0|  0|   32|          32|          32|
    |add_ln1236_108_fu_2790_p2  |         +|   0|  0|   39|          32|          32|
    |add_ln1236_109_fu_2796_p2  |         +|   0|  0|   32|          32|          32|
    |add_ln1236_10_fu_732_p2    |         +|   0|  0|   32|          32|          32|
    |add_ln1236_110_fu_2802_p2  |         +|   0|  0|   32|          32|          32|
    |add_ln1236_111_fu_2854_p2  |         +|   0|  0|   32|          32|          32|
    |add_ln1236_112_fu_2808_p2  |         +|   0|  0|   32|          32|          32|
    |add_ln1236_113_fu_2814_p2  |         +|   0|  0|   32|          32|          32|
    |add_ln1236_114_fu_2820_p2  |         +|   0|  0|   32|          32|          32|
    |add_ln1236_115_fu_2826_p2  |         +|   0|  0|   32|          32|          32|
    |add_ln1236_11_fu_738_p2    |         +|   0|  0|   39|          32|          32|
    |add_ln1236_12_fu_744_p2    |         +|   0|  0|   32|          32|          32|
    |add_ln1236_13_fu_750_p2    |         +|   0|  0|   32|          32|          32|
    |add_ln1236_14_fu_756_p2    |         +|   0|  0|   32|          32|          32|
    |add_ln1236_15_fu_762_p2    |         +|   0|  0|   32|          32|          32|
    |add_ln1236_17_fu_1055_p2   |         +|   0|  0|   40|          33|          33|
    |add_ln1236_18_fu_1065_p2   |         +|   0|  0|   34|          34|          34|
    |add_ln1236_19_fu_1071_p2   |         +|   0|  0|   11|           3|           3|
    |add_ln1236_20_fu_1081_p2   |         +|   0|  0|   40|          33|          33|
    |add_ln1236_22_fu_1097_p2   |         +|   0|  0|   32|          32|          32|
    |add_ln1236_23_fu_1103_p2   |         +|   0|  0|   32|          32|          32|
    |add_ln1236_24_fu_1108_p2   |         +|   0|  0|   32|          32|          32|
    |add_ln1236_25_fu_1114_p2   |         +|   0|  0|   32|          32|          32|
    |add_ln1236_26_fu_1120_p2   |         +|   0|  0|   39|          32|          32|
    |add_ln1236_27_fu_1126_p2   |         +|   0|  0|   32|          32|          32|
    |add_ln1236_28_fu_1132_p2   |         +|   0|  0|   32|          32|          32|
    |add_ln1236_29_fu_1138_p2   |         +|   0|  0|   32|          32|          32|
    |add_ln1236_2_fu_496_p2     |         +|   0|  0|   32|          32|          32|
    |add_ln1236_31_fu_1404_p2   |         +|   0|  0|   40|          33|          33|
    |add_ln1236_32_fu_1414_p2   |         +|   0|  0|   41|          34|          34|
    |add_ln1236_33_fu_1424_p2   |         +|   0|  0|   40|          33|          33|
    |add_ln1236_34_fu_1434_p2   |         +|   0|  0|   13|           4|           4|
    |add_ln1236_35_fu_1444_p2   |         +|   0|  0|   41|          34|          34|
    |add_ln1236_37_fu_1344_p2   |         +|   0|  0|   39|          32|          32|
    |add_ln1236_38_fu_1350_p2   |         +|   0|  0|   32|          32|          32|
    |add_ln1236_39_fu_1356_p2   |         +|   0|  0|   32|          32|          32|
    |add_ln1236_3_fu_502_p2     |         +|   0|  0|   32|          32|          32|
    |add_ln1236_40_fu_1362_p2   |         +|   0|  0|   32|          32|          32|
    |add_ln1236_41_fu_1368_p2   |         +|   0|  0|   32|          32|          32|
    |add_ln1236_42_fu_1460_p2   |         +|   0|  0|   39|          32|          32|
    |add_ln1236_43_fu_1465_p2   |         +|   0|  0|   32|          32|          32|
    |add_ln1236_44_fu_1470_p2   |         +|   0|  0|   32|          32|          32|
    |add_ln1236_45_fu_1374_p2   |         +|   0|  0|   39|          32|          32|
    |add_ln1236_46_fu_1474_p2   |         +|   0|  0|   32|          32|          32|
    |add_ln1236_48_fu_1745_p2   |         +|   0|  0|   40|          33|          33|
    |add_ln1236_49_fu_1755_p2   |         +|   0|  0|   40|          33|          33|
    |add_ln1236_4_fu_508_p2     |         +|   0|  0|   32|          32|          32|
    |add_ln1236_50_fu_1765_p2   |         +|   0|  0|   41|          34|          34|
    |add_ln1236_51_fu_1775_p2   |         +|   0|  0|   40|          33|          33|
    |add_ln1236_52_fu_1785_p2   |         +|   0|  0|   13|           4|           4|
    |add_ln1236_53_fu_1795_p2   |         +|   0|  0|   41|          34|          34|
    |add_ln1236_55_fu_1811_p2   |         +|   0|  0|   39|          32|          32|
    |add_ln1236_56_fu_1817_p2   |         +|   0|  0|   32|          32|          32|
    |add_ln1236_57_fu_1823_p2   |         +|   0|  0|   32|          32|          32|
    |add_ln1236_58_fu_1829_p2   |         +|   0|  0|   39|          32|          32|
    |add_ln1236_59_fu_1835_p2   |         +|   0|  0|   32|          32|          32|
    |add_ln1236_60_fu_1841_p2   |         +|   0|  0|   32|          32|          32|
    |add_ln1236_61_fu_1847_p2   |         +|   0|  0|   39|          32|          32|
    |add_ln1236_62_fu_1853_p2   |         +|   0|  0|   39|          32|          32|
    |add_ln1236_63_fu_1859_p2   |         +|   0|  0|   32|          32|          32|
    |add_ln1236_64_fu_1865_p2   |         +|   0|  0|   32|          32|          32|
    |add_ln1236_65_fu_1871_p2   |         +|   0|  0|   39|          32|          32|
    |add_ln1236_66_fu_1877_p2   |         +|   0|  0|   32|          32|          32|
    |add_ln1236_68_fu_2206_p2   |         +|   0|  0|   40|          33|          33|
    |add_ln1236_69_fu_2216_p2   |         +|   0|  0|   40|          33|          33|
    |add_ln1236_6_fu_696_p2     |         +|   0|  0|   40|          33|          33|
    |add_ln1236_70_fu_2226_p2   |         +|   0|  0|   41|          34|          34|
    |add_ln1236_71_fu_2236_p2   |         +|   0|  0|   40|          33|          33|
    |add_ln1236_72_fu_2246_p2   |         +|   0|  0|   13|           4|           4|
    |add_ln1236_73_fu_2256_p2   |         +|   0|  0|   40|          33|          33|
    |add_ln1236_74_fu_2266_p2   |         +|   0|  0|   41|          34|          34|
    |add_ln1236_76_fu_2143_p2   |         +|   0|  0|   39|          32|          32|
    |add_ln1236_77_fu_2149_p2   |         +|   0|  0|   39|          32|          32|
    |add_ln1236_78_fu_2282_p2   |         +|   0|  0|   32|          32|          32|
    |add_ln1236_79_fu_2155_p2   |         +|   0|  0|   32|          32|          32|
    |add_ln1236_7_fu_706_p2     |         +|   0|  0|   11|           3|           3|
    |add_ln1236_80_fu_2161_p2   |         +|   0|  0|   39|          32|          32|
    |add_ln1236_81_fu_2167_p2   |         +|   0|  0|   32|          32|          32|
    |add_ln1236_82_fu_2286_p2   |         +|   0|  0|   32|          32|          32|
    |add_ln1236_83_fu_2291_p2   |         +|   0|  0|   39|          32|          32|
    |add_ln1236_84_fu_2296_p2   |         +|   0|  0|   39|          32|          32|
    |add_ln1236_85_fu_2300_p2   |         +|   0|  0|   32|          32|          32|
    |add_ln1236_86_fu_2306_p2   |         +|   0|  0|   32|          32|          32|
    |add_ln1236_87_fu_2310_p2   |         +|   0|  0|   32|          32|          32|
    |add_ln1236_88_fu_2315_p2   |         +|   0|  0|   32|          32|          32|
    |add_ln1236_89_fu_2320_p2   |         +|   0|  0|   32|          32|          32|
    |add_ln1236_8_fu_716_p2     |         +|   0|  0|   40|          33|          33|
    |add_ln1236_91_fu_2660_p2   |         +|   0|  0|   40|          33|          33|
    |add_ln1236_92_fu_2670_p2   |         +|   0|  0|   40|          33|          33|
    |add_ln1236_93_fu_2680_p2   |         +|   0|  0|   41|          34|          34|
    |add_ln1236_94_fu_2690_p2   |         +|   0|  0|   35|          35|          35|
    |add_ln1236_95_fu_2696_p2   |         +|   0|  0|   40|          33|          33|
    |add_ln1236_96_fu_2706_p2   |         +|   0|  0|   13|           4|           4|
    |add_ln1236_97_fu_2716_p2   |         +|   0|  0|   40|          33|          33|
    |add_ln1236_98_fu_2726_p2   |         +|   0|  0|   41|          34|          34|
    |add_ln1236_fu_484_p2       |         +|   0|  0|   33|          33|          33|
    |add_ln1261_100_fu_5119_p2  |         +|   0|  0|   33|          26|          26|
    |add_ln1261_101_fu_5129_p2  |         +|   0|  0|   13|           5|           5|
    |add_ln1261_102_fu_5139_p2  |         +|   0|  0|   34|          27|          27|
    |add_ln1261_104_fu_4979_p2  |         +|   0|  0|   39|          32|          32|
    |add_ln1261_105_fu_5155_p2  |         +|   0|  0|   32|          32|          32|
    |add_ln1261_106_fu_4985_p2  |         +|   0|  0|   32|          32|          32|
    |add_ln1261_107_fu_4991_p2  |         +|   0|  0|   32|          32|          32|
    |add_ln1261_108_fu_5159_p2  |         +|   0|  0|   32|          32|          32|
    |add_ln1261_109_fu_5165_p2  |         +|   0|  0|   33|          26|          26|
    |add_ln1261_10_fu_3317_p2   |         +|   0|  0|   39|          32|          32|
    |add_ln1261_110_fu_5175_p2  |         +|   0|  0|   34|          27|          27|
    |add_ln1261_111_fu_5185_p2  |         +|   0|  0|   39|          32|          32|
    |add_ln1261_112_fu_5189_p2  |         +|   0|  0|   39|          32|          32|
    |add_ln1261_113_fu_5194_p2  |         +|   0|  0|   32|          32|          32|
    |add_ln1261_115_fu_5356_p2  |         +|   0|  0|   41|          34|          34|
    |add_ln1261_116_fu_5366_p2  |         +|   0|  0|   35|          35|          35|
    |add_ln1261_117_fu_5372_p2  |         +|   0|  0|   13|           5|           5|
    |add_ln1261_118_fu_5382_p2  |         +|   0|  0|   33|          26|          26|
    |add_ln1261_11_fu_3323_p2   |         +|   0|  0|   32|          32|          32|
    |add_ln1261_120_fu_5398_p2  |         +|   0|  0|   32|          32|          32|
    |add_ln1261_121_fu_5402_p2  |         +|   0|  0|   32|          32|          32|
    |add_ln1261_122_fu_5408_p2  |         +|   0|  0|   32|          32|          32|
    |add_ln1261_123_fu_5414_p2  |         +|   0|  0|   32|          32|          32|
    |add_ln1261_124_fu_5421_p2  |         +|   0|  0|   39|          32|          32|
    |add_ln1261_125_fu_5426_p2  |         +|   0|  0|   32|          32|          32|
    |add_ln1261_126_fu_5432_p2  |         +|   0|  0|   32|          32|          32|
    |add_ln1261_127_fu_5437_p2  |         +|   0|  0|   32|          32|          32|
    |add_ln1261_129_fu_5633_p2  |         +|   0|  0|   34|          34|          34|
    |add_ln1261_12_fu_3329_p2   |         +|   0|  0|   32|          32|          32|
    |add_ln1261_130_fu_5639_p2  |         +|   0|  0|   13|           4|           4|
    |add_ln1261_131_fu_5649_p2  |         +|   0|  0|   33|          26|          26|
    |add_ln1261_133_fu_5548_p2  |         +|   0|  0|   32|          32|          32|
    |add_ln1261_134_fu_5553_p2  |         +|   0|  0|   39|          32|          32|
    |add_ln1261_135_fu_5559_p2  |         +|   0|  0|   32|          32|          32|
    |add_ln1261_136_fu_5665_p2  |         +|   0|  0|   33|          26|          26|
    |add_ln1261_137_fu_5675_p2  |         +|   0|  0|   39|          32|          32|
    |add_ln1261_138_fu_5680_p2  |         +|   0|  0|   32|          32|          32|
    |add_ln1261_13_fu_3335_p2   |         +|   0|  0|   32|          32|          32|
    |add_ln1261_140_fu_5760_p2  |         +|   0|  0|   33|          26|          26|
    |add_ln1261_141_fu_5770_p2  |         +|   0|  0|   13|           4|           4|
    |add_ln1261_142_fu_5780_p2  |         +|   0|  0|   34|          27|          27|
    |add_ln1261_143_fu_5786_p2  |         +|   0|  0|   32|          32|          32|
    |add_ln1261_144_fu_5791_p2  |         +|   0|  0|   32|          32|          32|
    |add_ln1261_145_fu_5797_p2  |         +|   0|  0|   33|          26|          26|
    |add_ln1261_146_fu_5807_p2  |         +|   0|  0|   33|          26|          26|
    |add_ln1261_14_fu_3341_p2   |         +|   0|  0|   32|          32|          32|
    |add_ln1261_15_fu_3347_p2   |         +|   0|  0|   32|          32|          32|
    |add_ln1261_16_fu_3353_p2   |         +|   0|  0|   32|          32|          32|
    |add_ln1261_17_fu_3359_p2   |         +|   0|  0|   32|          32|          32|
    |add_ln1261_18_fu_3365_p2   |         +|   0|  0|   32|          32|          32|
    |add_ln1261_19_fu_3371_p2   |         +|   0|  0|   33|          26|          26|
    |add_ln1261_1_fu_3235_p2    |         +|   0|  0|   40|          33|          33|
    |add_ln1261_20_fu_3381_p2   |         +|   0|  0|   32|          32|          32|
    |add_ln1261_21_fu_3387_p2   |         +|   0|  0|   32|          32|          32|
    |add_ln1261_22_fu_3393_p2   |         +|   0|  0|   32|          32|          32|
    |add_ln1261_23_fu_3399_p2   |         +|   0|  0|   39|          32|          32|
    |add_ln1261_24_fu_3405_p2   |         +|   0|  0|   32|          32|          32|
    |add_ln1261_25_fu_3411_p2   |         +|   0|  0|   32|          32|          32|
    |add_ln1261_26_fu_3417_p2   |         +|   0|  0|   32|          32|          32|
    |add_ln1261_27_fu_3423_p2   |         +|   0|  0|   32|          32|          32|
    |add_ln1261_29_fu_3768_p2   |         +|   0|  0|   40|          33|          33|
    |add_ln1261_2_fu_3245_p2    |         +|   0|  0|   41|          34|          34|
    |add_ln1261_30_fu_3778_p2   |         +|   0|  0|   40|          33|          33|
    |add_ln1261_31_fu_3788_p2   |         +|   0|  0|   41|          34|          34|
    |add_ln1261_32_fu_3798_p2   |         +|   0|  0|   42|          35|          35|
    |add_ln1261_33_fu_3808_p2   |         +|   0|  0|   34|          34|          34|
    |add_ln1261_34_fu_3814_p2   |         +|   0|  0|   14|           6|           6|
    |add_ln1261_35_fu_3824_p2   |         +|   0|  0|   33|          26|          26|
    |add_ln1261_36_fu_3834_p2   |         +|   0|  0|   34|          34|          34|
    |add_ln1261_38_fu_3635_p2   |         +|   0|  0|   39|          32|          32|
    |add_ln1261_39_fu_3641_p2   |         +|   0|  0|   39|          32|          32|
    |add_ln1261_3_fu_3255_p2    |         +|   0|  0|   42|          35|          35|
    |add_ln1261_40_fu_3850_p2   |         +|   0|  0|   32|          32|          32|
    |add_ln1261_41_fu_3854_p2   |         +|   0|  0|   32|          32|          32|
    |add_ln1261_42_fu_3858_p2   |         +|   0|  0|   32|          32|          32|
    |add_ln1261_43_fu_3862_p2   |         +|   0|  0|   32|          32|          32|
    |add_ln1261_44_fu_3867_p2   |         +|   0|  0|   32|          32|          32|
    |add_ln1261_45_fu_3873_p2   |         +|   0|  0|   32|          32|          32|
    |add_ln1261_46_fu_3880_p2   |         +|   0|  0|   33|          26|          26|
    |add_ln1261_47_fu_3890_p2   |         +|   0|  0|   32|          32|          32|
    |add_ln1261_48_fu_3894_p2   |         +|   0|  0|   32|          32|          32|
    |add_ln1261_49_fu_3900_p2   |         +|   0|  0|   32|          32|          32|
    |add_ln1261_4_fu_3265_p2    |         +|   0|  0|   41|          34|          34|
    |add_ln1261_50_fu_3906_p2   |         +|   0|  0|   32|          32|          32|
    |add_ln1261_51_fu_3910_p2   |         +|   0|  0|   32|          32|          32|
    |add_ln1261_52_fu_3915_p2   |         +|   0|  0|   32|          32|          32|
    |add_ln1261_53_fu_3920_p2   |         +|   0|  0|   32|          32|          32|
    |add_ln1261_55_fu_4289_p2   |         +|   0|  0|   40|          33|          33|
    |add_ln1261_56_fu_4190_p2   |         +|   0|  0|   40|          33|          33|
    |add_ln1261_57_fu_4302_p2   |         +|   0|  0|   41|          34|          34|
    |add_ln1261_58_fu_4312_p2   |         +|   0|  0|   34|          34|          34|
    |add_ln1261_59_fu_4318_p2   |         +|   0|  0|   13|           5|           5|
    |add_ln1261_5_fu_3275_p2    |         +|   0|  0|   35|          35|          35|
    |add_ln1261_60_fu_4328_p2   |         +|   0|  0|   33|          26|          26|
    |add_ln1261_61_fu_4338_p2   |         +|   0|  0|   34|          34|          34|
    |add_ln1261_63_fu_4196_p2   |         +|   0|  0|   39|          32|          32|
    |add_ln1261_64_fu_4202_p2   |         +|   0|  0|   39|          32|          32|
    |add_ln1261_65_fu_4208_p2   |         +|   0|  0|   32|          32|          32|
    |add_ln1261_66_fu_4214_p2   |         +|   0|  0|   32|          32|          32|
    |add_ln1261_67_fu_4220_p2   |         +|   0|  0|   39|          32|          32|
    |add_ln1261_68_fu_4226_p2   |         +|   0|  0|   32|          32|          32|
    |add_ln1261_69_fu_4232_p2   |         +|   0|  0|   32|          32|          32|
    |add_ln1261_6_fu_3281_p2    |         +|   0|  0|   13|           5|           5|
    |add_ln1261_70_fu_4354_p2   |         +|   0|  0|   33|          26|          26|
    |add_ln1261_71_fu_4364_p2   |         +|   0|  0|   39|          32|          32|
    |add_ln1261_72_fu_4369_p2   |         +|   0|  0|   32|          32|          32|
    |add_ln1261_73_fu_4375_p2   |         +|   0|  0|   32|          32|          32|
    |add_ln1261_74_fu_4238_p2   |         +|   0|  0|   32|          32|          32|
    |add_ln1261_75_fu_4244_p2   |         +|   0|  0|   32|          32|          32|
    |add_ln1261_76_fu_4379_p2   |         +|   0|  0|   32|          32|          32|
    |add_ln1261_78_fu_4648_p2   |         +|   0|  0|   40|          33|          33|
    |add_ln1261_79_fu_4658_p2   |         +|   0|  0|   40|          33|          33|
    |add_ln1261_7_fu_3291_p2    |         +|   0|  0|   33|          26|          26|
    |add_ln1261_80_fu_4668_p2   |         +|   0|  0|   41|          34|          34|
    |add_ln1261_81_fu_4678_p2   |         +|   0|  0|   33|          26|          26|
    |add_ln1261_82_fu_4688_p2   |         +|   0|  0|   13|           5|           5|
    |add_ln1261_83_fu_4698_p2   |         +|   0|  0|   34|          27|          27|
    |add_ln1261_85_fu_4714_p2   |         +|   0|  0|   39|          32|          32|
    |add_ln1261_86_fu_4720_p2   |         +|   0|  0|   32|          32|          32|
    |add_ln1261_87_fu_4726_p2   |         +|   0|  0|   32|          32|          32|
    |add_ln1261_88_fu_4732_p2   |         +|   0|  0|   39|          32|          32|
    |add_ln1261_89_fu_4738_p2   |         +|   0|  0|   32|          32|          32|
    |add_ln1261_8_fu_3301_p2    |         +|   0|  0|   35|          35|          35|
    |add_ln1261_90_fu_4744_p2   |         +|   0|  0|   32|          32|          32|
    |add_ln1261_91_fu_4751_p2   |         +|   0|  0|   33|          26|          26|
    |add_ln1261_92_fu_4761_p2   |         +|   0|  0|   39|          32|          32|
    |add_ln1261_93_fu_4767_p2   |         +|   0|  0|   32|          32|          32|
    |add_ln1261_94_fu_4773_p2   |         +|   0|  0|   32|          32|          32|
    |add_ln1261_95_fu_4779_p2   |         +|   0|  0|   39|          32|          32|
    |add_ln1261_96_fu_4785_p2   |         +|   0|  0|   32|          32|          32|
    |add_ln1261_98_fu_5099_p2   |         +|   0|  0|   40|          33|          33|
    |add_ln1261_99_fu_5109_p2   |         +|   0|  0|   41|          34|          34|
    |add_ln1261_fu_3225_p2      |         +|   0|  0|   40|          33|          33|
    |add_ln1279_fu_5867_p2      |         +|   0|  0|   39|          32|          32|
    |add_ln479_1_fu_5901_p2     |         +|   0|  0|   18|          18|          18|
    |add_ln479_fu_5895_p2       |         +|   0|  0|   18|          18|          18|
    |l1_10_fu_1883_p2           |         +|   0|  0|   32|          32|          32|
    |l1_11_fu_2117_p2           |         +|   0|  0|   42|          35|          35|
    |l1_12_fu_2326_p2           |         +|   0|  0|   32|          32|          32|
    |l1_13_fu_2626_p2           |         +|   0|  0|   43|          36|          36|
    |l1_14_fu_2858_p2           |         +|   0|  0|   32|          32|          32|
    |l1_15_fu_3183_p2           |         +|   0|  0|   43|          36|          36|
    |l1_16_fu_3429_p2           |         +|   0|  0|   32|          32|          32|
    |l1_17_fu_3738_p2           |         +|   0|  0|   43|          36|          36|
    |l1_18_fu_3926_p2           |         +|   0|  0|   32|          32|          32|
    |l1_19_fu_4160_p2           |         +|   0|  0|   42|          35|          35|
    |l1_1_fu_446_p2             |         +|   0|  0|   41|          34|          34|
    |l1_20_fu_4384_p2           |         +|   0|  0|   32|          32|          32|
    |l1_21_fu_4606_p2           |         +|   0|  0|   42|          35|          35|
    |l1_22_fu_4791_p2           |         +|   0|  0|   32|          32|          32|
    |l1_23_fu_4953_p2           |         +|   0|  0|   42|          35|          35|
    |l1_24_fu_5200_p2           |         +|   0|  0|   32|          32|          32|
    |l1_25_fu_5314_p2           |         +|   0|  0|   42|          35|          35|
    |l1_26_fu_5443_p2           |         +|   0|  0|   32|          32|          32|
    |l1_27_fu_5522_p2           |         +|   0|  0|   41|          34|          34|
    |l1_28_fu_5686_p2           |         +|   0|  0|   32|          32|          32|
    |l1_29_fu_5733_p2           |         +|   0|  0|   41|          34|          34|
    |l1_2_fu_514_p2             |         +|   0|  0|   32|          32|          32|
    |l1_30_fu_5817_p2           |         +|   0|  0|   34|          27|          27|
    |l1_31_fu_5861_p2           |         +|   0|  0|   40|          33|          33|
    |l1_3_fu_654_p2             |         +|   0|  0|   41|          34|          34|
    |l1_4_fu_768_p2             |         +|   0|  0|   32|          32|          32|
    |l1_5_fu_1018_p2            |         +|   0|  0|   42|          35|          35|
    |l1_6_fu_1144_p2            |         +|   0|  0|   32|          32|          32|
    |l1_7_fu_1314_p2            |         +|   0|  0|   42|          35|          35|
    |l1_8_fu_1479_p2            |         +|   0|  0|   32|          32|          32|
    |l1_9_fu_1707_p2            |         +|   0|  0|   42|          35|          35|
    |l2_10_fu_4348_p2           |         +|   0|  0|   43|          36|          36|
    |l2_12_fu_4708_p2           |         +|   0|  0|   43|          36|          36|
    |l2_14_fu_5149_p2           |         +|   0|  0|   42|          35|          35|
    |l2_15_fu_5392_p2           |         +|   0|  0|   35|          35|          35|
    |l2_17_fu_5659_p2           |         +|   0|  0|   34|          34|          34|
    |l2_1_fu_726_p2             |         +|   0|  0|   41|          34|          34|
    |l2_2_fu_1091_p2            |         +|   0|  0|   34|          34|          34|
    |l2_3_fu_1454_p2            |         +|   0|  0|   42|          35|          35|
    |l2_4_fu_1805_p2            |         +|   0|  0|   42|          35|          35|
    |l2_5_fu_2276_p2            |         +|   0|  0|   42|          35|          35|
    |l2_6_fu_2736_p2            |         +|   0|  0|   35|          35|          35|
    |l2_7_fu_3311_p2            |         +|   0|  0|   43|          36|          36|
    |l2_8_fu_3844_p2            |         +|   0|  0|   43|          36|          36|
    |l2_fu_490_p2               |         +|   0|  0|   33|          33|          33|
    |select_ln1261_fu_5839_p3   |    select|   0|  0|    2|           1|           2|
    +---------------------------+----------+----+---+-----+------------+------------+
    |Total                      |          |   0|  0|12315|       10866|       10867|
    +---------------------------+----------+----+---+-----+------------+------------+

    * Multiplexer: 
    +---------------------+----+-----------+-----+-----------+
    |         Name        | LUT| Input Size| Bits| Total Bits|
    +---------------------+----+-----------+-----+-----------+
    |agg_result_address0  |  65|         12|    5|         60|
    |agg_result_address1  |  53|         10|    5|         50|
    |agg_result_ce0       |  14|          3|    1|          3|
    |agg_result_d0        |  65|         12|   32|        384|
    |agg_result_d1        |  53|         10|   32|        320|
    |agg_result_we0       |  14|          3|    1|          3|
    |ap_NS_fsm            |  65|         13|    1|         13|
    +---------------------+----+-----------+-----+-----------+
    |Total                | 329|         63|   77|        833|
    +---------------------+----+-----------+-----+-----------+

    * Register: 
    +--------------------------------------------------------------+----+----+-----+-----------+
    |                             Name                             | FF | LUT| Bits| Const Bits|
    +--------------------------------------------------------------+----+----+-----+-----------+
    |a_assign_2_reg_5916                                           |  32|   0|   32|          0|
    |add_ln1207_11_reg_6473                                        |  34|   0|   34|          0|
    |add_ln1236_107_reg_6345                                       |  32|   0|   32|          0|
    |add_ln1236_108_reg_6350                                       |  32|   0|   32|          0|
    |add_ln1236_110_reg_6355                                       |  32|   0|   32|          0|
    |add_ln1236_115_reg_6360                                       |  32|   0|   32|          0|
    |add_ln1236_12_reg_6028                                        |  32|   0|   32|          0|
    |add_ln1236_25_reg_6125                                        |  32|   0|   32|          0|
    |add_ln1236_3_reg_5991                                         |  32|   0|   32|          0|
    |add_ln1236_41_reg_6192                                        |  32|   0|   32|          0|
    |add_ln1236_45_reg_6197                                        |  32|   0|   32|          0|
    |add_ln1236_60_reg_6222                                        |  32|   0|   32|          0|
    |add_ln1236_76_reg_6303                                        |  32|   0|   32|          0|
    |add_ln1236_77_reg_6308                                        |  32|   0|   32|          0|
    |add_ln1236_81_reg_6313                                        |  32|   0|   32|          0|
    |add_ln1236_82_reg_6318                                        |  32|   0|   32|          0|
    |add_ln1261_104_reg_6595                                       |  32|   0|   32|          0|
    |add_ln1261_107_reg_6600                                       |  32|   0|   32|          0|
    |add_ln1261_135_reg_6664                                       |  32|   0|   32|          0|
    |add_ln1261_18_reg_6391                                        |  32|   0|   32|          0|
    |add_ln1261_38_reg_6484                                        |  32|   0|   32|          0|
    |add_ln1261_39_reg_6489                                        |  32|   0|   32|          0|
    |add_ln1261_56_reg_6534                                        |  33|   0|   33|          0|
    |add_ln1261_69_reg_6539                                        |  32|   0|   32|          0|
    |add_ln1261_75_reg_6544                                        |  32|   0|   32|          0|
    |add_ln1279_reg_6691                                           |  32|   0|   32|          0|
    |add_ln479_1_reg_6696                                          |  18|   0|   18|          0|
    |ap_CS_fsm                                                     |  12|   0|   12|          0|
    |b_assign_1_reg_5931                                           |  32|   0|   32|          0|
    |grp_operator_281_127_true_0_0_Pipeline_1_fu_300_ap_start_reg  |   1|   0|    1|          0|
    |l1_16_reg_6396                                                |  32|   0|   32|          0|
    |l1_4_reg_6033                                                 |  32|   0|   32|          0|
    |l2_13_reg_6549                                                |   4|   0|    4|          0|
    |l2_16_reg_6641                                                |   3|   0|    3|          0|
    |l2_9_reg_6494                                                 |   4|   0|    4|          0|
    |sext_ln1188_1_reg_6381                                        |  57|   0|   57|          0|
    |tmp_10_reg_6069                                               |  32|   0|   32|          0|
    |tmp_11_reg_6075                                               |  32|   0|   32|          0|
    |tmp_13_reg_6227                                               |   3|   0|    3|          0|
    |tmp_14_reg_6081                                               |  32|   0|   32|          0|
    |tmp_15_reg_6087                                               |  32|   0|   32|          0|
    |tmp_16_reg_6297                                               |   3|   0|    3|          0|
    |tmp_18_reg_6093                                               |  32|   0|   32|          0|
    |tmp_19_reg_6099                                               |  32|   0|   32|          0|
    |tmp_1_reg_6051                                                |  32|   0|   32|          0|
    |tmp_20_reg_6365                                               |   3|   0|    3|          0|
    |tmp_22_reg_6402                                               |   4|   0|    4|          0|
    |tmp_24_reg_6529                                               |   3|   0|    3|          0|
    |tmp_26_reg_6589                                               |   3|   0|    3|          0|
    |tmp_29_reg_6658                                               |   2|   0|    2|          0|
    |tmp_3_reg_6057                                                |  32|   0|   32|          0|
    |tmp_4_reg_5996                                                |  32|   0|   32|          0|
    |tmp_5_reg_6063                                                |  32|   0|   32|          0|
    |tmp_6_reg_6012                                                |  32|   0|   32|          0|
    |tmp_7_reg_6187                                                |   3|   0|    3|          0|
    |tmp_s_reg_6045                                                |  32|   0|   32|          0|
    |trunc_ln1184_2_reg_6164                                       |  32|   0|   32|          0|
    |trunc_ln1184_4_reg_6274                                       |  32|   0|   32|          0|
    |trunc_ln1186_10_reg_6244                                      |  32|   0|   32|          0|
    |trunc_ln1186_11_reg_6250                                      |  32|   0|   32|          0|
    |trunc_ln1186_12_reg_6256                                      |  32|   0|   32|          0|
    |trunc_ln1186_13_reg_6262                                      |  32|   0|   32|          0|
    |trunc_ln1186_14_reg_6268                                      |  32|   0|   32|          0|
    |trunc_ln1186_1_reg_6147                                       |  32|   0|   32|          0|
    |trunc_ln1186_27_reg_6419                                      |  32|   0|   32|          0|
    |trunc_ln1186_28_reg_6425                                      |  32|   0|   32|          0|
    |trunc_ln1186_29_reg_6431                                      |  32|   0|   32|          0|
    |trunc_ln1186_2_reg_6152                                       |  32|   0|   32|          0|
    |trunc_ln1186_30_reg_6443                                      |  32|   0|   32|          0|
    |trunc_ln1186_31_reg_6455                                      |  32|   0|   32|          0|
    |trunc_ln1186_32_reg_6505                                      |  32|   0|   32|          0|
    |trunc_ln1186_33_reg_6511                                      |  32|   0|   32|          0|
    |trunc_ln1186_39_reg_6561                                      |  32|   0|   32|          0|
    |trunc_ln1186_3_reg_6158                                       |  32|   0|   32|          0|
    |trunc_ln1186_40_reg_6567                                      |  32|   0|   32|          0|
    |trunc_ln1186_41_reg_6611                                      |  32|   0|   32|          0|
    |trunc_ln1192_1_reg_6467                                       |  32|   0|   32|          0|
    |trunc_ln1192_2_reg_6517                                       |  32|   0|   32|          0|
    |trunc_ln1192_4_reg_6573                                       |  32|   0|   32|          0|
    |trunc_ln1192_5_reg_6623                                       |  32|   0|   32|          0|
    |trunc_ln1192_6_reg_6635                                       |  32|   0|   32|          0|
    |trunc_ln1202_46_reg_6437                                      |  32|   0|   32|          0|
    |trunc_ln1202_47_reg_6449                                      |  32|   0|   32|          0|
    |trunc_ln1202_48_reg_6461                                      |  32|   0|   32|          0|
    |trunc_ln1202_61_reg_6605                                      |  32|   0|   32|          0|
    |trunc_ln1202_62_reg_6617                                      |  32|   0|   32|          0|
    |trunc_ln1202_63_reg_6629                                      |  32|   0|   32|          0|
    |trunc_ln1202_reg_5986                                         |  32|   0|   32|          0|
    |trunc_ln1207_14_reg_6669                                      |  32|   0|   32|          0|
    |trunc_ln1207_15_reg_6680                                      |  32|   0|   32|          0|
    |trunc_ln1207_2_reg_6408                                       |  32|   0|   32|          0|
    |trunc_ln1207_9_reg_6579                                       |  32|   0|   32|          0|
    |trunc_ln1208_11_reg_6647                                      |  25|   0|   25|          0|
    |trunc_ln1208_12_reg_6652                                      |  25|   0|   25|          0|
    |trunc_ln1208_13_reg_6675                                      |  25|   0|   25|          0|
    |trunc_ln1208_14_reg_6686                                      |  25|   0|   25|          0|
    |trunc_ln1208_2_reg_6523                                       |  25|   0|   25|          0|
    |trunc_ln1208_5_reg_6414                                       |  25|   0|   25|          0|
    |trunc_ln1208_6_reg_6555                                       |  25|   0|   25|          0|
    |trunc_ln1208_7_reg_6584                                       |  25|   0|   25|          0|
    |trunc_ln1208_8_reg_6478                                       |  25|   0|   25|          0|
    |trunc_ln1208_s_reg_6500                                       |  25|   0|   25|          0|
    |trunc_ln1234_1_reg_6039                                       |   2|   0|    2|          0|
    |trunc_ln1234_2_reg_6130                                       |   2|   0|    2|          0|
    |trunc_ln1236_6_reg_6181                                       |  32|   0|   32|          0|
    |trunc_ln1236_s_reg_6291                                       |  32|   0|   32|          0|
    |trunc_ln479_1_cast_reg_6371                                   |  57|   0|   57|          0|
    |trunc_ln479_1_reg_5962                                        |  25|   0|   25|          0|
    |trunc_ln738_reg_5946                                          |  32|   0|   32|          0|
    |trunc_ln740_reg_5951                                          |  32|   0|   32|          0|
    |trunc_ln_reg_5956                                             |  25|   0|   25|          0|
    |zext_ln1186_11_reg_6001                                       |  32|   0|   64|         32|
    |zext_ln1186_13_reg_6017                                       |  32|   0|   64|         32|
    |zext_ln1186_15_reg_6105                                       |  32|   0|   64|         32|
    |zext_ln1186_1_reg_5977                                        |  32|   0|   64|         32|
    |zext_ln1186_54_reg_6115                                       |  32|   0|   64|         32|
    |zext_ln1186_56_reg_6136                                       |  32|   0|   64|         32|
    |zext_ln1186_58_reg_6170                                       |  32|   0|   64|         32|
    |zext_ln1186_60_reg_6202                                       |  32|   0|   64|         32|
    |zext_ln1186_62_reg_6212                                       |  32|   0|   64|         32|
    |zext_ln1186_64_reg_6233                                       |  32|   0|   64|         32|
    |zext_ln1186_66_reg_6280                                       |  32|   0|   64|         32|
    |zext_ln1186_68_reg_6323                                       |  32|   0|   64|         32|
    |zext_ln1186_70_reg_6334                                       |  32|   0|   64|         32|
    |zext_ln1186_reg_5968                                          |  32|   0|   64|         32|
    |zext_ln738_reg_5921                                           |  32|   0|   64|         32|
    |zext_ln740_reg_5936                                           |  32|   0|   64|         32|
    +--------------------------------------------------------------+----+----+-----+-----------+
    |Total                                                         |3591|   0| 4103|        512|
    +--------------------------------------------------------------+----+----+-----+-----------+



================================================================
== Interface
================================================================
* Summary: 
+---------------------+-----+-----+------------+---------------------------------+--------------+
|      RTL Ports      | Dir | Bits|  Protocol  |          Source Object          |    C Type    |
+---------------------+-----+-----+------------+---------------------------------+--------------+
|ap_clk               |   in|    1|  ap_ctrl_hs|  operator*<281, 127, true, 0, 0>|  return value|
|ap_rst               |   in|    1|  ap_ctrl_hs|  operator*<281, 127, true, 0, 0>|  return value|
|ap_start             |   in|    1|  ap_ctrl_hs|  operator*<281, 127, true, 0, 0>|  return value|
|ap_done              |  out|    1|  ap_ctrl_hs|  operator*<281, 127, true, 0, 0>|  return value|
|ap_idle              |  out|    1|  ap_ctrl_hs|  operator*<281, 127, true, 0, 0>|  return value|
|ap_ready             |  out|    1|  ap_ctrl_hs|  operator*<281, 127, true, 0, 0>|  return value|
|agg_result_address0  |  out|    5|   ap_memory|                       agg_result|         array|
|agg_result_ce0       |  out|    1|   ap_memory|                       agg_result|         array|
|agg_result_we0       |  out|    1|   ap_memory|                       agg_result|         array|
|agg_result_d0        |  out|   32|   ap_memory|                       agg_result|         array|
|agg_result_address1  |  out|    5|   ap_memory|                       agg_result|         array|
|agg_result_ce1       |  out|    1|   ap_memory|                       agg_result|         array|
|agg_result_we1       |  out|    1|   ap_memory|                       agg_result|         array|
|agg_result_d1        |  out|   32|   ap_memory|                       agg_result|         array|
|p_read               |   in|  281|     ap_none|                           p_read|        scalar|
|p_read1              |   in|  281|     ap_none|                          p_read1|        scalar|
+---------------------+-----+-----+------------+---------------------------------+--------------+

